21:44:55 **** Incremental Build of configuration Debug for project EX2_TRAFFIC_LIGHT ****
make -j16 all 
arm-none-eabi-gcc "../Core/Src/main.c" -mcpu=cortex-m3 -std=gnu11 -g3 -DDEBUG -DUSE_HAL_DRIVER -DSTM32F103x6 -c -I../Core/Inc -I../Drivers/STM32F1xx_HAL_Driver/Inc -I../Drivers/STM32F1xx_HAL_Driver/Inc/Legacy -I../Drivers/CMSIS/Device/ST/STM32F1xx/Include -I../Drivers/CMSIS/Include -O0 -ffunction-sections -fdata-sections -Wall -fstack-usage -MMD -MP -MF"Core/Src/main.d" -MT"Core/Src/main.o" --specs=nano.specs -mfloat-abi=soft -mthumb -o "Core/Src/main.o"
arm-none-eabi-gcc -o "EX2_TRAFFIC_LIGHT.elf" @"objects.list"   -mcpu=cortex-m3 -T"C:\Users\minhl\OneDrive\Documents\STUDY\HK221\Vi xu li\STM32 1.10.1\LAB1\EX2_TRAFFIC_LIGHT\STM32F103C6UX_FLASH.ld" --specs=nosys.specs -Wl,-Map="EX2_TRAFFIC_LIGHT.map" -Wl,--gc-sections -static --specs=nano.specs -mfloat-abi=soft -mthumb -Wl,--start-group -lc -lm -Wl,--end-group
Finished building target: EX2_TRAFFIC_LIGHT.elf
 
arm-none-eabi-size   EX2_TRAFFIC_LIGHT.elf 
arm-none-eabi-objdump -h -S  EX2_TRAFFIC_LIGHT.elf  > "EX2_TRAFFIC_LIGHT.list"
arm-none-eabi-objcopy  -O ihex  EX2_TRAFFIC_LIGHT.elf  "EX2_TRAFFIC_LIGHT.hex"
   text	   data	    bss	    dec	    hex	filename
   4676	     20	   1572	   6268	   187c	EX2_TRAFFIC_LIGHT.elf
Finished building: default.size.stdout
 
Finished building: EX2_TRAFFIC_LIGHT.list
Finished building: EX2_TRAFFIC_LIGHT.hex
 
 

21:44:55 Build Finished. 0 errors, 0 warnings. (took 686ms)

